=== c1: the seat's invariants in Cella coordinates ===
  [PASS][  0.1s] c1a eps = z2 (2 - z2)
  [PASS][  0.1s] c1b W = z1^2 + 2 sigma a b z2  (with a = sigma b + z1)
  [PASS][  0.1s] c1c delta = z1^2 + 2 (1 + sigma a b) z2 - z2^2
  [PASS][  0.1s] c1d at the pinch: delta = z1^2 + 2(1 + b0^2) z2 + (2 b0 z1 z2 - z2^2): two LEADING monomials (2,0) and (0,1), the rest inward
=== c2: the Newton polygon's balanced face is weight (1,2) ===
  [PASS][  0.1s] c2a the outer (Newton) vertices of delta are exactly {(2,0), (0,1)}
  [PASS][  0.1s] c2b the weight on which they balance: <w,(2,0)> = <w,(0,1)>  =>  w2 = 2 w1: the (1,2) blow-up of PINCH-2 is Thm 7.2's balanced face
  [PASS][  0.1s] c2c eps's Newton vertex is (0,1) alone: eps has NO balanced face; the ratio-dependence comes entirely from the DENOMINATOR
=== c3: Thm 7.2 on the balanced face -- the ratio-dependent front form (Consequence 7.8) ===
  [PASS][  0.1s] c3a along z1 = rho1 eps, z2 = rho2 eps^2: F -> 2 rho2/(rho1^2 + 2(1+b0^2) rho2)
  [PASS][  0.1s] c3b it depends on the approach RATIO rho2/rho1^2 -- front-form data, not exponent data (7.8); rho1 = 1, rho2 = lam gives PINCH-2 q7b
=== c4: off the balanced face, exponents suffice ===
  [PASS][  0.1s] c4a weight (1,1) [gamma leaves at first order]: F -> 1/(1+b0^2), ratio-INDEPENDENT -- PINCH-1's transverse class
  [PASS][  0.1s] c4b weight (1,3) [a - sigma b leaves first]: F -> 0, ratio-independent -- the in-horizon-like class
=== c5: Thm 7.5 case 3 -- front-face cancellation IS the branch parabola ===
  [PASS][  0.1s] c5a the front polynomial of delta on the balanced face vanishes at rho2 = -rho1^2/(2(1+b0^2))
  [PASS][  0.1s] c5b that is PINCH-2's branch parabola lam = -1/(2(1+b0^2)) (rho1 = 1)
  [PASS][  0.2s] c5c on that special ratio the order of delta DROPS (case 4, higher jet) and F -> oo: the far edge of the interior sliver
=== c6: U-1286 parity -- the horizon is a chart boundary, the branch locus a branch divisor ===
  [PASS][  0.2s] c6a along the horizon z2 = 0: delta = z1^2, vanishing order 2, EVEN -> sqrt(delta) = +-z1 in K locally: UNRAMIFIED, a chart boundary
  [PASS][  0.2s] c6b so the sheet along the horizon is sgn(a - sigma b): which side of the pinch (PINCH-1 p6d, PINCH-2 q3c)
  [PASS][  0.2s] c6c' d(delta)/dz2 = 2(1+b0^2) != 0 at the pinch: {delta = 0} is a SMOOTH curve z2*(z1) there (IFT), with z2*'(0) = 0 and z2*''(0) = -1/(1+b0^2): the parabola -z1^2/(2(1+b0^2)) is its leading term
  [PASS][  0.2s] c6c crossing that curve transversally, delta vanishes to order exactly 1 (its z2-derivative is 2(1+b0^2) + O(z1) != 0): ODD -> sqrt(delta) RAMIFIES: a branch divisor
  [PASS][  0.2s] c6d the pinch is where the branch divisor is TANGENT to the chart boundary (PINCH-2 q6): the only place the two kinds of divisor meet
=== c7: U-0951 / U-0830 -- descent and the signed-contact generator ===
  [PASS][  0.6s] c7a F is tau-even (t -> -t) and rational in (a,b,gamma): descends to K (U-0951)
  [PASS][  3.3s] c7b xi is tau-odd and its square is in K: xi generates K(sqrt delta), the signed-contact radical (U-0830's Kummer kernel generator)

RESULT: 21/21 checks passed in 3.3s
VERDICT: The pinch is an instance of Will's valuation calculus.  In Cella coordinates z1 = a - sigma b, z2 = 1 - sigma gamma,
  delta has Newton vertices (2,0) and (0,1) whose balanced face is weight (1,2): PINCH-2's blow-up is Thm 7.2.  On that face
  F's limit is a front-form coefficient depending on the approach ratio (7.8); off it, exponents suffice and the limit is
  1/(1+b0^2) or 0.  The branch parabola is Thm 7.5's front-face cancellation.  By U-1286's parity criterion the horizon is a
  CHART BOUNDARY of K(sqrt delta)/K (delta = z1^2, even) and the branch locus a BRANCH DIVISOR (order 1, odd); the pinch is
  their tangency.  F descends (U-0951); xi is the signed-contact Kummer generator (U-0830).
