====================================================================================================
D-1  THEOREM: a gradient-quadratic static energy makes the arc length along the family harmonic
====================================================================================================
  [PASS] D-1a Euler-Lagrange of int F(l) l'^2 r^2 dr equals -2 s_l (r^2 ds/dr)' when F = s_l^2: stationary iff r^2 ds/dr = const, i.e. the arc length s(lambda) is HARMONIC, for every F
  [PASS] D-1b so the data's 'sech^2 l harmonic' is the statement s = a + b sech^2 l along the family; to fourth order in lambda, s = s2 l^2 + s4 l^4 + ... must have s4/s2 = -2/3 (since tanh^2 l = l^2 - (2/3) l^4 + ...)

====================================================================================================
D-2  OBSTRUCTION: no polynomial invariant of the presented cell is affine in sech^2 l
====================================================================================================
  [PASS] D-2a each polynomial-type invariant along the family is NOT affine in sech^2 l (second derivative w.r.t. sech^2 l nonzero): cosh^2 l (rho_K), sinh^2 l, presented rod rho_i = 1 + k^2 sinh^2 l, presented length sqrt(rho_i), det G'/Delta = cosh^2 l
  [PASS] D-2b ...while Delta/det G' = sech^2 l is (trivially), and it has a POLE where the presented volume vanishes (the centre, cosh l = i sinh mu -> 0) and is BOUNDED at the horizon (l -> oo): the opposite of every polynomial invariant
  READING: the static energy that produces KIN-2a cannot be polynomial in the presented cell invariants; it must be built
  from the RECIPROCAL of the volume invariant det G' (or another function bounded at the horizon with a pole at the centre).

====================================================================================================
D-3  THE MODEL'S OWN CANDIDATE: harmonic-map energy in the frozen quotient metric of the elliptope
====================================================================================================
  N1 layer A: quotient metric  s2 = 0.14501994  s4/s2 = 0.045663892  (need -0.6667)  ->  c2 = -0.712331  perihelion coeff 1.57534   | full (S^2)^3 lift: c2 = -0.704398   | s/tanh^2 at l = 0.5, 1.5: 0.171627, 0.421667
  N1 layer C: quotient metric  s2 = 0.38000231  s4/s2 = -0.099220041  (need -0.6667)  ->  c2 = -0.567447  perihelion coeff 1.86511   | full (S^2)^3 lift: c2 = -0.549953   | s/tanh^2 at l = 0.5, 1.5: 0.433772, 0.816753
  N3 layer A: quotient metric  s2 = 0.013896745  s4/s2 = 0.082949635  (need -0.6667)  ->  c2 = -0.749616  perihelion coeff 1.50077   | full (S^2)^3 lift: c2 = -0.749539   | s/tanh^2 at l = 0.5, 1.5: 0.0166086, 0.0458099
  N3 layer C: quotient metric  s2 = 0.41012806  s4/s2 = -0.087642551  (need -0.6667)  ->  c2 = -0.579024  perihelion coeff 1.84195   | full (S^2)^3 lift: c2 = -0.5787   | s/tanh^2 at l = 0.5, 1.5: 0.469192, 0.873
  [PASS] D-3a the fit is converged: refitting s2 on a coarser triple of lambdas (0.04, 0.02, 0.01) changes it by less than 1e-8 (every frame, layer)
  [PASS] D-3b the fork is decided unambiguously across frames and layers (all DERIVED or all NOT DERIVED): branch = NOT DERIVED: c_2 != 0, perihelion coefficients N1/A: 1.5753, N1/C: 1.8651, N3/A: 1.5008, N3/C: 1.842
  [PASS] D-3c the arc length of the frozen metric along the family is (or is not) proportional to tanh^2 l: ratios at l = 0.5 and 1.5 differ -- consistent with D-3b
  ARGUMENT (not counted): D-1 + D-2 + D-3 together say the dynamics tier's static energy, if gradient-quadratic, must be
  the Dirichlet energy of a function with a pole at the presented volume's zero -- and the only click-invariant with that
  property among the objects on the table is the reciprocal presented volume Delta/det G'.  The frozen state metric is
  a metric on DIRECTIONS; it cannot see the volume's reciprocal, and the numbers say it does not.

RESULT: 7/7 checks passed.
VERDICT (THM-J, item 0b): NOT DERIVED.  The model's frozen state-space geometry does not produce KIN-2a as a harmonic map.
  What IS established: any gradient-quadratic static energy makes its own arc length harmonic (D-1), so the energy that
  produces KIN-2a is exactly the gradient energy of Delta/det G' -- a reciprocal, not a polynomial, of the volume invariant
  (D-2).  The model has a Newton's law to declare, in one variable: E_static = int |grad(Delta/det G')|^2, sourced by the
  blind-mass measure (KIN-2a'').  Not an Einstein yet.
COMPARISON STAGE: the Dirichlet energy of the metric N^2 = 1 - 2 Phi/c^2 is the Newtonian field energy; the elliptope
  quotient metric is the shape-space metric of three unit vectors (mechanical connection, Littlejohn-Reinsch); harmonic maps
  from R^3 into a target with the round quotient metric are sigma-model configurations, and sigma models do not give 1/r.
