=== D-1  valuation matrix of the four radicands along the four boundary divisors ===
    D0: Delta=0    [1, 0, 0, 0]
    D1: 1+g12=0    [0, 1, 0, 0]
    D2: 1+g13=0    [0, 0, 1, 0]
    D3: 1+g23=0    [0, 0, 0, 1]
  [PASS] D-1a the parity matrix is the 4x4 identity: each radicand vanishes to order 1 along its own divisor and to order 0 along the others (Delta restricted to 1+g12=0 is -(g13+g23)^2, nonzero) -- Delta|_(g12=-1) = -(g13 + g23)**2
  [PASS] D-1b KUMMER CRITERION: a product prod f_j^{e_j} is a square only if its valuation along every divisor is even, i.e. e.M = 0 mod 2; M = I forces e = 0, so the four square classes are INDEPENDENT: rank 4 in F*/F*^2 (second proof of galois.py G-4/G-5)
=== D-2  the cover at a rational point: successive norms (allk build_norm method), degree 16, irreducible ===
  [PASS] D-2a the norm polynomial of theta over Q has degree 16 = 2^4 and rational coefficients
  [PASS] D-2b it is IRREDUCIBLE over Q: the specialised cover has degree exactly 16, so (Hilbert) the generic multiquadratic field has degree 16 -- third, independent certification of rank 4
=== D-3  click action and the group ===
  [PASS] D-3a every click (index permutation) FIXES Delta and permutes the three leg radicands: the orientation class is S_3-invariant (G-6)
    Gal(F(sqrt f_1..f_4)/F) = C_2^4, order 16 [proved, D-1/D-2].  Over the click-symmetric base: (C_2 wr S_3) x C_2, order 96
    [derived | U-1603 as in G-7; the x C_2 is the fixed class Delta of D-3a].
=== D-4  the cycle invariant descends: minimal polynomial of B over F has degree 2, not 16 ===
  [PASS] D-4a 16 (x - B)(x - Bbar) = 16 x^2 - 8 (1 + sum g) x + (1 + sum g)^2 + Delta, coefficients in F (V eliminated by V^2 = Delta)
  [PASS] D-4b G-1 identity: the constant term (1 + sum g)^2 + Delta = 2 (1+g12)(1+g13)(1+g23) -- the cycle's |B|^2 is the product of the legs
  [PASS] D-4c the discriminant is -64 Delta: irreducible over F iff -Delta is not a square in F.  Delta is an irreducible cubic (D-1), so [F(B):F] = 2 and B lies in F(sqrt Delta) -- the phase needs the orientation layer only, none of the leg radicals (G-9)
=== D-5  collision stratification: the four nodes of the Cayley cubic ===
    node (1, 1, 1): grad Delta = 0: True, Hessian rank 3 (A1), rank G = 1, legs vanishing: []
    node (1, -1, -1): grad Delta = 0: True, Hessian rank 3 (A1), rank G = 1, legs vanishing: ['1+g13', '1+g23']
    node (-1, 1, -1): grad Delta = 0: True, Hessian rank 3 (A1), rank G = 1, legs vanishing: ['1+g12', '1+g23']
    node (-1, -1, 1): grad Delta = 0: True, Hessian rank 3 (A1), rank G = 1, legs vanishing: ['1+g12', '1+g13']
  [PASS] D-5a the four nodes are exactly the rank-1 Grams (all axes parallel/antiparallel); each is an A1 point: grad = 0, Hessian rank 3, so Delta has multiplicity 2 there -- EVEN valuation along the exceptional divisor: a loop around a node does NOT flip sqrt Delta
  [PASS] D-5b at the node (1,1,1) no leg radicand vanishes; at each of the other three exactly TWO legs vanish to order 1 (ODD): those two leg radicals ramify around the node while the orientation class does not -- the seated-root instance of the stage6 collision table
=== VERDICT ===
  ALGEBRAIC HALF OF THE DECK TEST, CLOSED: the deck tau is the inertia generator of the smooth part of the Cayley cubic and of nothing
  else -- it flips sqrt Delta (D-1: order 1 along D0), leaves the three leg radicals alone (order 0 along D0), and is trivial around
  every node (D-5: order 2).  The cycle phase arg B lives in F(sqrt Delta) (D-4) so it is deck-odd and NOTHING ELSE in the cover
  moves it.  What remains is the PHYSICAL half: an ordering of the two sheets from a model principle (galois_horizon_cover: the sign
  of Theta is the datum the quotient forgets; there it is S_+ > S_-).  Without it, arg B's sign does not descend and the candidate
  factors through the Gram.  [D-1 exact; D-2 exact at a rational point; D-3, D-4, D-5 exact]

10/10 checks passed
