=== DYN-2a: the lapse near the electrode, in PROPER distance (from the divider) ===
  N^2 = (r - r_s)/r
  rho(r) = int_{r_s}^r dr/N = sqrt(r)*sqrt(r - r_s) + r_s*acosh(sqrt(r)/sqrt(r_s))
  N(x)   = sqrt(x)/sqrt(r_s) - x**(3/2)/(2*r_s**(3/2)) + 3*x**(5/2)/(8*r_s**(5/2))
  rho(x) = 2*sqrt(r_s)*sqrt(x) + x**(3/2)/(3*sqrt(r_s)) - x**(5/2)/(20*r_s**(3/2))
  N(rho) = rho/(2*r_s) - rho**3/(16*r_s**3)
  kappa = lim N/rho at the electrode = 1/(2*r_s)
  [PASS][   0.9s] a1 kappa = 1/(2 r_s): the electrode's slope is the twist scale, DERIVED from the divider (was the pinning's tail)
  [PASS][   0.9s] a2 N = kappa rho + O(rho^3), leading power 1, no rho^2 term: Rindler at the electrode (K1 passes)
  a_static(r) = c**2*r_s/(2*r**(3/2)*sqrt(r - r_s))    a*N at the electrode = c**2/(2*r_s)
  [PASS][   0.9s] a3 redshifted acceleration c^2/(2 r_s) recovered as OUTPUT (T4 had it as an input)
=== DYN-2b: the Euclidean loop about the electrode, and its period ===
  [PASS][   0.9s] b1 Euclidean line element is d rho^2 + rho^2 d(c kappa tau)^2: polar about the electrode, angle = c kappa tau
  angle period 2 pi (KVL single-valuedness = T4b vector reading) => tau period beta = 4*pi*r_s/c
  [PASS][   0.9s] b2 beta = 4 pi r_s / c : the period at the electrode, DERIVED (regularity is KVL, scale is the divider's)
  [PASS][   0.9s] b3 cover reading 4 pi on the double cover = the same beta once halved (K2 passes)
=== DYN-2c: the temperature -- given KMS (DECLARED) ===
  T_ref = hbar/(k_B beta) = c*hbar/(4*pi*k_B*r_s)
  [PASS][   0.9s] c1 T_ref = hbar c/(4 pi k_B r_s): equals T4's coefficient, now with the scale derived and ONE declaration remaining (KMS)
  [PASS][   0.9s] c2 with r_s = 2GM/c^2 (Newton's v_esc = c): hbar c^3/(8 pi G M k_B)
  solar mass: T_ref = 6.169e-8 K   (no ground exists for this number; it is a PREDICTION of the model given KMS)
=== DYN-2d: LOCK-3 is the same declaration (EQ-1 + the derived local acceleration) ===
  T_local/(hbar a/(2 pi k_B c)) = r**2/r_s**2
  [PASS][   0.9s] d1 at the electrode T_local -> hbar a/(2 pi k_B c): the Unruh form is RECOVERED from EQ-1 + the divider; LOCK-3 = LOCK-2 = the one KMS line (K3 passes)
  [PASS][   0.9s] d2 the reference node reads T_ref: Hawking's temperature IS Tolman's T_inf for a seat in equilibrium with the electrode
  far from the electrode the ratio -> oo : the static seat's local Unruh form is NOT the Tolman temperature away from the horizon (they agree only at the node)
=== DYN-2e: the dual sheet (load/source swapped) ===
  N_dual^2 = r_s/r ;  N_dual at r_s = 1 ;  N_dual -> 0 as r -> oo like sqrt(r_s) / sqrt(r)
  [PASS][   0.9s] e1 no zero of the dual lapse at r_s: the dual sheet has NO electrode at the horizon
  [PASS][   0.9s] e2 at the dual sheet's zero (infinity) N/rho -> 0: no Rindler slope, kappa_dual = 0, no period, T_dual = 0. The dual sheet is COLD (FLAGGED, not claimed)

=== DYN-2: 12/12 checks passed in 0.9s ===
TIER: kappa = 1/(2 r_s), the Rindler form, the polar Euclidean loop, and beta = 4 pi r_s/c are DERIVED (divider + T4b/KVL).
      T_ref = hbar/(k_B beta) is DERIVED-GIVEN-KMS. KMS is the residue: one DECLARED line, named, not hidden.
      LOCK-2 and LOCK-3 collapse to that one line. The first-law/area route was not used and stays banned.
