=== DYN-1a: the potential ratio, d = 3 (T8c) ===
  W_in  = 1/r_s - 1/r    W_out = 1/r
  N^2 = A(r) = (r - r_s)/r      eta = W_out/W_in = r_s/(r - r_s)
  [PASS][   0.1s] a1 A(r) = 1 - r_s/r  (all orders; the OUTPUT, not an input)
  [PASS][   0.1s] a2 eta = r_s/(r - r_s): the old pinning is REPRODUCED as output (LOCK-1 removable)
  [PASS][   0.1s] a3 A = 1 - 2*U: exactly 1 - 2U in areal coords, no higher terms
=== DYN-1b: control -- the other shell assignment (NOT a candidate; T7f fixes the load) ===
  swapped: N^2 = r_s/r = r_s/r = v_esc^2 ;  eta_dual = (r - r_s)/r_s = 1/eta
  [PASS][   0.1s] b1 involution sigma: eta -> 1/eta is exactly eta -> 1/eta and N^2 <-> v_esc^2 (the reciprocity is STRUCTURAL)
  [PASS][   0.1s] b2 W_in = W_out point W_in = W_out  <=>  eta = 1  <=>  r = 2 r_s (marginally bound radius; FLAGGED, not claimed)
=== DYN-1c: K1 control -- d = 2 must fail ===
  d=2: W_in = log(r) - log(r_s)   W_out = oo
  [PASS][   0.1s] c1 in two spatial dimensions the source shell has infinite resistance: N^2 = 0 everywhere. FAILS. d = 3 is load-bearing and is T8c's.
=== DYN-1d: the output metric and its PPN parameters (read OFF, not fed in) ===
  rbar(r) = (sqrt(r) + sqrt(-2*m + r))**2/4
  [PASS][   0.4s] d0 rbar = (sqrt(r) + sqrt(r-2m))^2/4 (derived from the OUTPUT B, not quoted)
  [PASS][   0.4s] d0' inversion verified numerically at 4 points to 1e-25: rbar(r(rbar)) = rbar (sympy will not cancel the roots symbolically)
  r(rbar) = (m + 2*rbar)**2/(4*rbar)
  g00(isotropic) = 2*epsilon**2 - 2*epsilon + 1    g_ij factor = 2*epsilon + 1
  [PASS][   0.5s] d1 gamma_PPN read off the output = 1   (ground: Cassini gamma-1 = (2.1+-2.3)e-5)
  [PASS][   0.5s] d2 beta_PPN read off the output = 1    (ground: Mercury/MESSENGER beta-1 ~ 1e-4)
  [PASS][   0.5s] d3 first-order lapse -2U: the redshift ground (Galileo/GP-A few e-5)
=== DYN-1e: observables vs ground ===
  light deflection at solar limb: 1.75119 arcsec   (ground 1.7516)
  [PASS][   0.5s] e1 deflection matches to the measured 1e-3 level
  Mercury precession P1 (PPN from output metric): 42.9807 arcsec/century   (ground 42.98 +- 0.04)
  [PASS][   0.5s] e2 P1 within the measured error bar
  orbit equation from the output metric:  u'' = 3*m*u**2 - u + m/L**2
  [PASS][   0.5s] e3 u'' = m/L^2 - u + 3 m u^2 (derived, not quoted)
  Mercury precession P2 (direct integration):     42.9807 arcsec/century
  [PASS][   0.6s] e4 P1 and P2 agree to 2.01e-7 relative (K3)
=== DYN-1f: what is now PREDICTION (unmeasured tail of the output) ===
  light ring at r = 3*r_s/2 ; shadow radius = 3*sqrt(3)*r_s/2  (EHT: consistent at 10-17%)
  [PASS][   0.6s] f1 light ring at 3 r_s/2 from the output; eta there = 2
  isotropic g00 to O(U^3) = -3*epsilon**3/2 + 2*epsilon**2 - 2*epsilon + 1   <- the U^3 coefficient is the model's PREDICTION, unmeasured

=== DYN-1: 16/16 checks passed in 0.6s ===
TIER: A(r) = 1 - r_s/r is DERIVED given [G1, G2, T8c, THM-I] and the two T7f DECLARATIONS.
      beta = gamma = 1 are read off the output and match ground at 1e-4 / 1e-5. LOCK-1 removable.
      The T7f potential-ratio identification has now passed a test that could have failed; it is no longer 'trust me'.
