=== EDGE-2A: the medium's object, restated from EDGE-1c ===
  [PASS][   0.2s] A1 medium: static l=2 acoustic equation solved by P2(x), Q2(x), x = r/M - 1 (EDGE-1c re-verified with r_s = 2M)
  [PASS][   0.3s] A2 medium: regular branch polynomial (no tail), excluded branch log-singular at the sonic surface r = r_s: k_2(medium) = 0
=== EDGE-2B: GR's tensor object, as comparison ===
  P_2^2(r/M-1) = -6*r/M + 3*r**2/M**2     Q_2^2(r/M-1) = (M**2 - (M - r)**2)*(M*(12*r*(M - r)*(2*M - r) + r*(M**2 - 3*(M - r)**2) - (2*M - r)*(M**2 - 3*(M - r)**2)) - 3*r**2*(2*M - r)**2*log(-r/(2*M - r)))/(2*M**2*r**2*(2*M - r)**2)
  [PASS][   0.8s] B1 the transcribed Einstein static equation IS the associated Legendre equation (2,2): both P_2^2 and Q_2^2 solve it (K1 passes)
  at the horizon: P_2^2 -> 0 ;  Q_2^2 -> oo  with derivative -> -oo
  [PASS][   1.1s] B2 P_2^2 vanishes smoothly at r = 2M; Q_2^2 diverges there (1/(r-2M) and log): regularity selects P_2^2 alone -- the same rule as the medium's
  regular GR branch at large r: -6*r/M + 3*r**2/M**2
  [PASS][   1.1s] B3 the regular GR branch is a degree-2 POLYNOMIAL: 3(r^2 - 2Mr)/M^2. No r^-3 tail. k_2(GR) = 0 (K2 passes; Binnington-Poisson / Damour-Nagar recovered)
  excluded GR branch tail: Q_2^2 ~ 8*M**3/5 / r^3 + ...  (the tail a deformable body carries)
  y(r) = r H'/H on the regular branch = 2*(M - r)/(2*M - r)  -> diverges at r = 2M
  Hinderer's k_2 along the regular family as R -> 2M: 0
  [PASS][   1.4s] B4 second path: Hinderer's formula on the regular branch gives k_2 -> 0 as the surface reaches the horizon
=== EDGE-2C: same zero, same reason ===
  [PASS][   1.4s] C1 both frameworks: a polynomial regular branch and a log-singular tail-carrying branch; regularity at the boundary (horizon / sonic surface) kills the tail. The medium's k_2 = 0 and GR's k_2 = 0 are the same zero (K3 passes)
  ground: no black-hole Love number has been measured; BBH events are consistent with Lambda = 0 (upper bounds); GW170817 measured
  a NEUTRON-STAR Lambda (k_2 ~ 0.05-0.15). The medium predicts Lambda = 0 exactly for its holes -- BH-like, not ECO-like.
  OWED (EDGE-3): the rotating case. Static Love numbers of Kerr vanish (Le Tiec-Casals 2021; Chia 2021) but the DISSIPATIVE tidal
  response is nonzero and proportional to spin; in the medium that is the swirl advecting the tidal bulge -- a Stokes problem.

=== EDGE-2: 7/7 checks passed in 1.4s ===
TIER: A1-A2 DERIVED (the medium's own object). B1-B4 COMPARISON with Einstein's static equations as labelled THEORY input
      (EXT-035). C1 is the identification of the two zeros. Fingerprint entry k_2 = 0 stands in both frameworks.
