=== a1: superselection inside Cl(2,1) ===
  [PASS][  0.0s] I_4 = Gamma_C Gamma_H Gamma_G = diag(1,1,-1,-1), central in Cl(2,1)
  [PASS][  0.0s] all 8 basis monomials of Cl(2,1) commute with I_4: every element is BLOCK-DIAGONAL -- no matrix element connects the two sheets (superselection)
=== a2-a3: the fourth generator ===
  [PASS][  0.0s] a2 Gamma_4 := [[0, alpha Gamma_C],[beta Gamma_C, 0]] ANTICOMMUTES with all three seat generators
  [PASS][  0.0s] a2' Gamma_4 I_4 = -I_4 Gamma_4: it anticommutes with the pseudoscalar and is OFF-diagonal -- it maps block + to block - and back
  [PASS][  0.0s] a3 the general solution of {Gamma_4, Gamma_X} = 0 for all three X is exactly the 2-parameter family above (off-diagonal, proportional to Gamma_C in each corner) -- free parameters: [x12, x6]
  [PASS][  0.0s] a3' Gamma_4^2 = -alpha beta I_4: sign of the fourth direction is alpha beta.  alpha beta = -1 -> Gamma_4^2 = +1, signature (+,+,+,-) = Cl(3,1);  alpha beta = +1 -> Gamma_4^2 = -1, (+,+,-,-) = Cl(2,2)
  [PASS][  0.0s] a3'' both realised: spacelike Gamma_4 (square +1) and timelike Gamma_4 (square -1) each anticommute with the three and exchange the blocks
=== a4: adjoining Gamma_4 lifts the superselection ===
  [PASS][  0.0s] a4 the commutant of Cl(2,1) in M_4(R) is 2-dimensional (spanned by 1 and I_4): two sectors
  [PASS][  0.1s] a4' with the spacelike Gamma_4 adjoined the commutant is 1-dimensional (scalars only): the algebra is SIMPLE, the sectors are gone
  [PASS][  0.1s] a4'' with the timelike Gamma_4 adjoined, likewise simple
=== a5-a6: superposition made concrete; what Gamma_4 is (not an intertwiner) ===
  [PASS][  0.1s] a5 every Cl(2,1) bilinear between the sheets vanishes: <psi_+| X |psi_-> = 0 for all 8 basis monomials -- no interference without Gamma_4
  [PASS][  0.1s] a5' <psi_+| Gamma_4 |psi_-> = alpha (u1 v2 - u2 v1) != 0 generically: Gamma_4 creates the cross term -- the sheets can interfere
  [PASS][  0.1s] a6 [my prediction was WRONG] there is NO 2x2 A with A rho_-(x) = rho_+(x) A for all three generators: the two blocks are INEQUIVALENT irreps (the pseudoscalar's sign is an invariant)
  [PASS][  0.1s] a6' what Gamma_4 actually does: conjugation Gamma_4 x Gamma_4^{-1} = -x on every generator -- the GRADE INVOLUTION, an outer automorphism of Cl(2,1) that Gamma_4 makes inner in the larger algebra; it carries I to -I and so the + rep to the - rep as ABSTRACT reps, not by a change of basis

RESULT: 14/14 checks passed in 0.1s
VERDICT [DERIVED]: a fourth generator anticommuting with the seat's three exists, is unique up to two scalars,
  is off-diagonal, anticommutes with the pseudoscalar, and exchanges the two sheets.  Without it Cl(2,1) has a
  2-dim commutant (two superselection sectors: the hbar/G ordering is a label).  With it the algebra is simple
  (M_4(R)) and the sheets can superpose and interfere.  The fourth direction's JOB is derived; its SIGNATURE
  (spacelike -> Cl(3,1), 3+1; timelike -> Cl(2,2), 2+2) is open and is the kill condition for the 3+1 reading.
