start  0: residual 2.1e+00  W 14.9554  min w 1.0000  [12s]
start  1: residual 6.1e-01  W 18.6400  min w 1.0000  [24s]
start  2: residual 2.8e+00  W 17.9110  min w 1.0000  [36s]
start  3: residual 1.3e+00  W 16.3060  min w 1.0000  [48s]
start  4: residual 2.8e+00  W 20.4146  min w 1.0000  [59s]
start  5: residual 3.3e+00  W 16.7950  min w 1.0000  [70s]
start  6: residual 2.5e-10  W 22.1415  min w 1.0000  [80s]
start  7: residual 2.4e+00  W 14.9422  min w 1.0000  [91s]
start  8: residual 3.7e+00  W 24.4429  min w 1.0000  [101s]
start  9: residual 1.3e-01  W 17.8875  min w 1.0000  [113s]
start 10: residual 2.8e+00  W 20.0465  min w 1.0000  [125s]
start 11: residual 1.2e+00  W 17.3952  min w 1.0000  [137s]
start 12: residual 1.8e+00  W 16.1436  min w 1.0000  [149s]
start 13: residual 1.7e+00  W 14.7131  min w 1.0000  [162s]
start 14: residual 1.4e+00  W 17.6781  min w 1.0000  [174s]
start 15: residual 1.5e+00  W 18.7106  min w 1.0000  [186s]
start 16: residual 5.9e+00  W 18.4663  min w 1.0000  [198s]
start 17: residual 5.1e+00  W 17.9975  min w 1.0000  [211s]
start 18: residual 3.4e+00  W 17.2107  min w 1.0000  [223s]
start 19: residual 1.8e+00  W 16.0973  min w 1.0000  [234s]
start 20: residual 3.3e+00  W 19.6762  min w 1.0000  [246s]
start 21: residual 2.0e+00  W 16.3683  min w 1.0000  [259s]
start 22: residual 1.9e+00  W 14.6987  min w 1.0000  [271s]
start 23: residual 1.7e-01  W 23.1180  min w 1.0000  [282s]
start 24: residual 2.9e+00  W 16.8626  min w 1.0000  [295s]
start 25: residual 1.9e+00  W 18.5624  min w 1.0000  [306s]
start 26: residual 5.6e-12  W 17.9540  min w 1.0000  [316s]
start 27: residual 2.5e+00  W 18.6146  min w 1.0000  [328s]
start 28: residual 6.7e-01  W 18.9387  min w 1.0000  [338s]
start 29: residual 3.7e-11  W 19.2153  min w 1.0000  [348s]
3 admissible solutions (residual < 1e-9, all stretches >= 1)
BEST W = 17.953989
  W: 17.953988665971508
  residual: 5.5706550483591855e-12
  gain_only_0.01: 1.4960947573518115e-12
  gain_only_0.001: 1.6846554352503384e-20
  gain_order: 7.948448013597053
  six_generators_max: [5.956569217341728e-12, 5.874522809389363e-12, 1.3619703720092657e-11, 3.687004237599869e-13, 2.047057878411517e-12, 3.3803120078576585e-12]
  endpoint_vs_composite: 3.1086244689504383e-15
  detuning_only: [1.8520268202186916e-12, 2.962423319874399e-11, 4.737147354003843e-10]
  detuning_order: 3.9993848738726134
  A_Delta: 18520.268202186915
  joint_1e-3_1e-4: 1.893138574108866e-12
  duration_est: 1036.4873564842685
  exposure_est: 58.55962713236597
reference: his thirteen joint 3.739e-10 (A_Delta 4391, 948/a, 53.6/a); eleven 1.531e-10 (686/a, 38.7/a); nested echo 4.735e-11 (1386/a, 78.3/a); raised 8.41e-12 (2341/a, 132/a)
