benchmark                                                              class       harness receipt                                                       known   candidate verdict
B1 Landau-Zener diabatic transition                                    ASYMPTOTIC  REPRODUCED(asymp)                                                  0.568084        0.36 BREAKS
B2 Rabi maximum transfer with detuning                                 EXACT       REPRODUCED                                                         0.671141        0.49 BREAKS
B3 amplitude damping: population and coherence                         EXACT       REPRODUCED                                                     0.247418,...         0.8 BREAKS
B4 pure dephasing coherence                                            EXACT       REPRODUCED                                                         0.185788         0.9 BREAKS
B5 quantum Zeno survival, n projections                                EXACT       REPRODUCED                                                         0.980197        0.02 BREAKS
B6 3-qubit repetition code logical error                               EXACT       REPRODUCED                                                            0.028         0.1 BREAKS
B7 Berry phase of spin-1/2 on a cone of half-angle theta               EXACT       REPRODUCED                                                         -1.18875           - UNJUDGED
B8 Helstrom minimum error, two pure states                             EXACT       REPRODUCED                                                              0.1           - UNJUDGED
B9 Mandelstam-Tamm minimal orthogonalisation time                      EXACT       REPRODUCED                                                          3.14159           - UNJUDGED
B10 DFS leakage under symmetry-breaking eps X1 (Will eq. 10)           EXACT       REPRODUCED                                                           0.0025      0.0025 MATCH
B11 exceptional point: splitting vs propagator                         EXACT       REPRODUCED                                                    0.0282836,...      0.0001 BREAKS
B12 Will's reflection loop: exact return at tau_n (RF-2), n=1          EXACT       REPRODUCED                                                                0           - UNJUDGED
B12b Will's reflection loop: exact return at tau_n (RF-2), n=2         EXACT       REPRODUCED                                                                0           - UNJUDGED
B15 Will's composite F S F+ S F, +1% common gain, n=1 (CP-2): single l EXACT       REPRODUCED                                                   0.00106146,...      0.0001 BREAKS
B15a same, leading-order formulas (CP-2 eq. 7) at eps = 1e-3 where the ASYMPTOTIC  REPRODUCED(asymp)                                               3.56723e-11       1e-06 BREAKS
B16 Will's eleven-block compression: moment conditions (4),(5),(8), v, EXACT       REPRODUCED                                                            0,...           - UNJUDGED
B16n Will's eleven-block compression: finite joint witnesses (eps=1e-3 NUMERICAL   measured sign 1.5314e-10, leak 2.44e-09, exponent na         1.5314e-10,...           - UNJUDGED
B13 surface-code threshold, circuit-level depolarising noise           OPEN        OPEN                                                                   open           - UNJUDGED
B14 non-Markovian memory advantage for a logical lifetime              OPEN        OPEN                                                                   open           - UNJUDGED

HARNESS: 16/16 exact/asymptotic benchmarks reproduced from first principles.
CANDIDATE 'example_divisor_candidate': MATCH=1, BREAKS=9, UNJUDGED=9
