
=== trine ===
                  case   DB_stack          c       cond    discard   per-dump   acc self  acc fixed      floor
     (0.005, 0.0, 0.0)  8.847e-07  4.026e-04  1.015e-17  2.013e-04  1.343e-04  6.267e-17  1.327e-07  5.252e-17
      (0.01, 0.0, 0.0)  7.011e-06  1.592e-03  2.495e-15  7.959e-04  5.307e-04  1.553e-14  1.553e-14  1.304e-14
      (0.02, 0.0, 0.0)  5.494e-05  6.189e-03  5.828e-13  3.094e-03  2.070e-03  3.693e-12  8.138e-06  3.113e-12
    (0.0, 0.0001, 0.0)  6.776e-01  1.869e-09  2.420e-08  2.514e-08  2.533e-08  2.437e-08  2.526e-08  1.430e-10
   (0.01, 0.0001, 0.0)  1.254e-03  1.591e-03  2.429e-08  7.955e-04  5.306e-04  2.467e-08  2.590e-08  4.169e-10
forks: {
 "(0.005, 0.0, 0.0)": {
  "self_over_floor": 1.193263055484471,
  "self_over_discard": 3.1133829639856233e-13,
  "fork": "a"
 },
 "(0.01, 0.0, 0.0)": {
  "self_over_floor": 1.1910254800659732,
  "self_over_discard": 1.9515112971450663e-11,
  "fork": "a"
 },
 "(0.02, 0.0, 0.0)": {
  "self_over_floor": 1.1860262798850212,
  "self_over_discard": 1.193356988229377e-09,
  "fork": "a"
 },
 "(0.0, 0.0001, 0.0)": {
  "self_over_floor": 1.0068099139421494,
  "self_over_discard": 0.9693822999931565,
  "fork": "a"
 },
 "(0.01, 0.0001, 0.0)": {
  "self_over_floor": 1.0155677148652158,
  "self_over_discard": 3.101361138327953e-05,
  "fork": "a"
 }
}
per-dump/discard at eps0: 0.666799   fixed-cal excess: 1.327e-07, 8.138e-06, exponent 5.938140919602748

=== five ===
                  case   DB_stack          c       cond    discard   per-dump   acc self  acc fixed      floor
     (0.005, 0.0, 0.0)  5.308e-07  6.709e-04  1.015e-17  3.355e-04  2.238e-04  4.165e-17  5.998e-07  3.150e-17
      (0.01, 0.0, 0.0)  4.204e-06  2.652e-03  2.495e-15  1.326e-03  8.841e-04  1.030e-14  1.030e-14  7.812e-15
      (0.02, 0.0, 0.0)  3.290e-05  1.029e-02  5.828e-13  5.147e-03  3.444e-03  2.433e-12  3.691e-05  1.857e-12
    (0.0, 0.0001, 0.0)  4.239e-02  1.205e-08  1.113e-13  6.026e-09  7.513e-09  3.722e-12  6.371e-09  3.609e-12
   (0.01, 0.0001, 0.0)  1.879e-03  2.651e-03  4.304e-12  1.325e-03  8.837e-04  1.564e-09  6.793e-09  1.559e-09
forks: {
 "(0.005, 0.0, 0.0)": {
  "self_over_floor": 1.3221483744597746,
  "self_over_discard": 1.2415449483229878e-13,
  "fork": "a"
 },
 "(0.01, 0.0, 0.0)": {
  "self_over_floor": 1.3185449674395204,
  "self_over_discard": 7.769374751022919e-12,
  "fork": "a"
 },
 "(0.02, 0.0, 0.0)": {
  "self_over_floor": 1.3106869270791306,
  "self_over_discard": 4.728002274934547e-10,
  "fork": "a"
 },
 "(0.0, 0.0001, 0.0)": {
  "self_over_floor": 1.0312943667084993,
  "self_over_discard": 0.0006175708501163944,
  "fork": "a"
 },
 "(0.01, 0.0001, 0.0)": {
  "self_over_floor": 1.0027535240439536,
  "self_over_discard": 1.1799489442150577e-06,
  "fork": "a"
 }
}
per-dump/discard at eps0: 0.666853   fixed-cal excess: 5.998e-07, 3.691e-05, exponent 5.943375988839946

RESULT: 94/94 checks passed.  runtime 0.2s
