== consistency: float64 five-loop stack vs rh1_common.word_loops('five') ==
  [ok] five_np(complex128) == word_loops five  eps=0.01: 5.204e-17 (tol 1e-13)
  [ok] five_np(complex128) == word_loops five  eps=0.001: 5.334e-17 (tol 1e-13)

== DB_stack (five-loop) by precision and path ==
      eps  prec         u |        k1 svd     k2 stable     k3 tr/det       k4 I-KK
2.0000e-02   f32   6.0e-08 |  3.288930e-05  3.289657e-05  3.706040e-04  3.341620e-05
2.0000e-02   f64   1.1e-16 |  3.289652e-05  3.289652e-05  3.289652e-05  3.289652e-05
2.0000e-02  mp30   2.0e-31 |  3.289652e-05  3.289652e-05  3.289652e-05  3.289652e-05
2.0000e-02  mp50   2.7e-51 |  3.289652e-05  3.289652e-05  3.289652e-05  3.289652e-05
1.0000e-02   f32   6.0e-08 |  4.170998e-06  4.203407e-06  3.596717e-04  4.310085e-06
1.0000e-02   f64   1.1e-16 |  4.204421e-06  4.204421e-06  4.204439e-06  4.204421e-06
1.0000e-02  mp30   2.0e-31 |  4.204421e-06  4.204421e-06  4.204421e-06  4.204421e-06
1.0000e-02  mp50   2.7e-51 |  4.204421e-06  4.204421e-06  4.204421e-06  4.204421e-06
5.0000e-03   f32   6.0e-08 |  5.205320e-07  5.317472e-07  3.553498e-04  1.345496e-05
5.0000e-03   f64   1.1e-16 |  5.307644e-07  5.307644e-07  5.305141e-07  5.307644e-07
5.0000e-03  mp30   2.0e-31 |  5.307644e-07  5.307644e-07  5.307644e-07  5.307644e-07
5.0000e-03  mp50   2.7e-51 |  5.307644e-07  5.307644e-07  5.307644e-07  5.307644e-07
2.5000e-03   f32   6.0e-08 |  1.294397e-07  7.297550e-08  0.000000e+00  3.537984e-04
2.5000e-03   f64   1.1e-16 |  6.665260e-08  6.665260e-08  6.650061e-08  6.665260e-08
2.5000e-03  mp30   2.0e-31 |  6.665260e-08  6.665260e-08  6.665260e-08  6.665260e-08
2.5000e-03  mp50   2.7e-51 |  6.665260e-08  6.665260e-08  6.665260e-08  6.665260e-08
1.2500e-03   f32   6.0e-08 |  8.607940e-08  5.075321e-08  0.000000e+00  2.839025e-04
1.2500e-03   f64   1.1e-16 |  8.350165e-09  8.350165e-09  1.076140e-08  8.350164e-09
1.2500e-03  mp30   2.0e-31 |  8.350165e-09  8.350165e-09  8.350165e-09  8.350165e-09
1.2500e-03  mp50   2.7e-51 |  8.350165e-09  8.350165e-09  8.350165e-09  8.350165e-09
6.2500e-04   f32   6.0e-08 |  8.596100e-08  7.209363e-08  0.000000e+00  6.204962e-03
6.2500e-04   f64   1.1e-16 |  1.044914e-09  1.044913e-09  0.000000e+00  1.044945e-09
6.2500e-04  mp30   2.0e-31 |  1.044913e-09  1.044913e-09  1.044913e-09  1.044913e-09
6.2500e-04  mp50   2.7e-51 |  1.044913e-09  1.044913e-09  1.044913e-09  1.044913e-09
3.1250e-04   f32   6.0e-08 |  0.000000e+00  6.912899e-08           nan  3.674522e-03
3.1250e-04   f64   1.1e-16 |  1.306850e-10  1.306850e-10  0.000000e+00  1.566283e-10
3.1250e-04  mp30   2.0e-31 |  1.306850e-10  1.306850e-10  1.306850e-10  1.306850e-10
3.1250e-04  mp50   2.7e-51 |  1.306850e-10  1.306850e-10  1.306850e-10  1.306850e-10

== Theorem 2 (U-0784): a identified from mp30/mp50, b_k from float64 ==
  [ok] eps=0.02: mp30 and mp50 agree on a: 8.389e-29 (tol 1e-20)
  [ok] eps=0.02: k1 == k2 at 50 dps: 3.345e-47 (tol 1e-20)
  eps=2.0000e-02  a=4.112065227  b_k1=-4.90e+04  b_k2=-1.73e+04  b_k3=-2.12e+09  b_k4=-5.48e+04
  [ok] eps=0.01: mp30 and mp50 agree on a: 8.390e-28 (tol 1e-20)
  [ok] eps=0.01: k1 == k2 at 50 dps: 4.501e-46 (tol 1e-20)
  eps=1.0000e-02  a=4.204420932  b_k1=-4.65e+05  b_k2=-5.06e+04  b_k3= 1.66e+11  b_k4=-9.21e+04
  [ok] eps=0.005: mp30 and mp50 agree on a: 8.849e-28 (tol 1e-20)
  [ok] eps=0.005: k1 == k2 at 50 dps: 1.501e-45 (tol 1e-20)
  eps=5.0000e-03  a=4.246114883  b_k1=-5.92e+06  b_k2= 2.00e+05  b_k3=-1.80e+13  b_k4= 3.04e+07
  [ok] eps=0.0025: mp30 and mp50 agree on a: 6.530e-27 (tol 1e-20)
  [ok] eps=0.0025: k1 == k2 at 50 dps: 1.709e-44 (tol 1e-20)
  eps=2.5000e-03  a=4.265766216  b_k1=-3.23e+07  b_k2=-3.43e+05  b_k3=-8.76e+13  b_k4= 2.16e+08
  [ok] eps=0.00125: mp30 and mp50 agree on a: 7.484e-27 (tol 1e-20)
  [ok] eps=0.00125: k1 == k2 at 50 dps: 6.861e-44 (tol 1e-20)
  eps=1.2500e-03  a=4.275284361  b_k1=-7.30e+08  b_k2=-1.56e+06  b_k3= 1.11e+16  b_k4=-1.51e+09
  [ok] eps=0.000625: mp30 and mp50 agree on a: 1.068e-26 (tol 1e-20)
  [ok] eps=0.000625: k1 == k2 at 50 dps: 1.952e-42 (tol 1e-20)
  eps=6.2500e-04  a=4.279965525  b_k1= 2.18e+09  b_k2= 9.92e+05  b_k3=-3.86e+16  b_k4= 1.16e+12
  [ok] eps=0.0003125: mp30 and mp50 agree on a: 3.025e-25 (tol 1e-20)
  [ok] eps=0.0003125: k1 == k2 at 50 dps: 4.135e-42 (tol 1e-20)
  eps=3.1250e-04  a=4.282286505  b_k1=-8.25e+09  b_k2= 1.18e+07  b_k3=-3.86e+16  b_k4= 7.66e+15
  slope DB = 2.967956035   slope floor = 7.892706736   (eps_mid 1.414e-02)
  slope DB = 2.985763709   slope floor = 7.954161923   (eps_mid 7.071e-03)
  slope DB = 2.993338504   slope floor = 7.979064082   (eps_mid 3.536e-03)
  slope DB = 2.996784521   slope floor = 7.990031167   (eps_mid 1.768e-03)
  slope DB = 2.998421205   slope floor = 7.995140749   (eps_mid 8.839e-04)
  slope DB = 2.999217854   slope floor = 7.997601712   (eps_mid 4.419e-04)

  a0 Richardson = 4.28459437049229802   closed form 2025 sqrt5 pi^3/32768 = 4.28459437049230186   rel 8.952e-16
  c0 Richardson = 27.107678103577867   closed form 5625 pi^2/2048      = 27.1076781035779503   rel 3.074e-15
  kappa1 numerical = -1.7189898   closed form -55/32 = -1.71875
  [ok] a0 Richardson == closed form (rel 1e-12): 8.952e-16 (tol 1e-12)
  [ok] c0 Richardson == closed form (rel 1e-12): 3.074e-15 (tol 1e-12)
  [ok] kappa1 numerical within 0.1% of -55/32: 1.395e-04 (tol 1e-03)
  [ok] a0_five / a0_trine == 3/5 (RH-2P value 7.1409906174871697658): -3.226e-21 (tol 1e-15)
  [ok] RH-2 five DB_stack(1e-2) == float64 k2 here: 2.796e-11 (tol 1e-09)

RESULT: 21/21 checks passed.  runtime 0.2s
